+ node scripts/alifta-html/assert-corpus-not-empty.mjs
PASS: generated corpus holds 271 records and is safe to commit.
+ git config user.name 'github-actions[bot]'
+ git config user.email '41898282+github-actions[bot]@users.noreply.github.com'
+ git status --porcelain=v1
 M package-lock.json
 M scripts/alifta-html/reports/last-commit.log
 M scripts/alifta-html/reports/last-run.log
 M src/lib/corpus/generated/alifta-html-chunks.json
 M src/lib/corpus/generated/alifta-html-chunks.ts
 M src/lib/corpus/generated/alifta-html-ledger.json
+ git branch --show-current
arena/01a1026c-rafiq-al-qalb
+ git add src/lib/corpus/generated/alifta-html-chunks.ts src/lib/corpus/generated/alifta-html-chunks.json src/lib/corpus/generated/alifta-html-ledger.json
+ git diff --cached --quiet
+ git commit -m 'chore: refresh Al-Ifta HTML corpus'
[arena/01a1026c-rafiq-al-qalb dc2fa4d] chore: refresh Al-Ifta HTML corpus
 3 files changed, 549 insertions(+), 548 deletions(-)
+ git pull --rebase --autostash origin arena/01a1026c-rafiq-al-qalb
From https://github.com/ItsOkazaki/rafiq_al_qalb
 * branch            arena/01a1026c-rafiq-al-qalb -> FETCH_HEAD
